C51 COMPILER V9.60.7.0   MAIN                                                              03/22/2023 23:16:44 PAGE 1   


C51 COMPILER V9.60.7.0, COMPILATION OF MODULE MAIN
OBJECT MODULE PLACED IN .\Objects\Main.obj
COMPILER INVOKED BY: C:\Keil_v5\C51\BIN\C51.EXE Main.c OPTIMIZE(8,SPEED) BROWSE DEBUG OBJECTEXTEND PRINT(.\Listings\Main
                    -.lst) TABS(2) OBJECT(.\Objects\Main.obj)

line level    source

   1          #include<reg51.h>
   2          
   3          sfr LCD = 0xA0; // P2 = LCD Data Pins
   4          // Special Function Register
   5          // sfr = access to SFR Register by byte
   6          // sbit = acess to SFR register by bit
   7          
   8          sbit RS = P1^0;
   9          sbit RW = P1^1;
  10          sbit EN = P1^2;
  11          
  12          /*
  13          Control Pins:
  14          
  15          RS = Register Select : Toggles between Command/Data Register
  16          0 -> Command Mode
  17          1-> Data Mode
  18          
  19          RW = Read/Write : Toggles the LCD between Read/Write Operation
  20          0 -> Write Operation
  21          1-> Read Operation
  22          
  23          EN = Enable : Must be held high to perform Read/Write Operatio
  24          always held high.
  25          
  26          More details in datasheet
  27          */
  28          
  29          void LCD_INIT(void);  // Initialized Function
  30          void LCD_CMD(unsigned char);  // LCD commaned send function
  31          void LCD_DATA(unsigned char); // LCD data send function
  32          void msDelay(unsigned int);
  33          void Send_Data(unsigned char *str); // send data
  34          void LCD_LEFT(unsigned char);
  35          void LCD_RIGHT(unsigned char);
  36          void LCD_FLASH(unsigned char);
  37          void LCD_LINE_ONE(unsigned char);
  38          void LCD_LINE_TWO(unsigned char);
  39          
  40          void main(void)
  41          {
  42   1        msDelay(10);
  43   1        LCD_INIT();
  44   1        LCD_LINE_ONE(0);
  45   1        Send_Data("ESI Algiers 2022 2023");
  46   1        LCD_LINE_TWO(3);
  47   1        Send_Data("Abdessamed");
  48   1        msDelay(300);
  49   1        LCD_FLASH(6);
  50   1        LCD_LEFT(15);
  51   1        msDelay(300);
  52   1        LCD_FLASH(6);
  53   1        LCD_RIGHT(15);
  54   1        while(1);
C51 COMPILER V9.60.7.0   MAIN                                                              03/22/2023 23:16:44 PAGE 2   

  55   1      }
  56          
  57          void LCD_INIT(void)
  58          {
  59   1        msDelay(100);
  60   1        LCD_CMD(0x38);  //  2 lines and 5×7 matrix
  61   1        LCD_CMD(0x0E);  // Display ON, cursor blinking
  62   1        LCD_CMD(0x01);  // Clear display screen
  63   1      }
  64          
  65          void LCD_CMD(unsigned char x)
  66          {
  67   1        LCD = x;
  68   1        RS = 0; // command mode
  69   1        RW = 0; // read
  70   1        EN = 1;
  71   1        msDelay(1);
  72   1        EN = 0;
  73   1        return;
  74   1      }
  75          
  76          void Send_DATA(unsigned char *str)
  77          {
  78   1        while(*str) // while str not finish
  79   1          LCD_DATA(*str++); // increment
  80   1      }
  81          
  82          void LCD_LEFT(unsigned char left)
  83          {
  84   1        unsigned char count;
  85   1        for(count = 0 ; count < left ; count++)
  86   1        {
  87   2          LCD_CMD(0x18);  // Shift the entire display to the left
  88   2          msDelay(200);
  89   2        }
  90   1      }
  91          
  92          void LCD_RIGHT(unsigned char right)
  93          {
  94   1        unsigned char count;
  95   1        for(count = 0 ; count < right ; count++)
  96   1        {
  97   2          LCD_CMD(0x1C);  // Shift the entire display to the right
  98   2          msDelay(200);
  99   2        }
 100   1      }
 101          
 102          void LCD_DATA(unsigned char w)
 103          {
 104   1        LCD = w;
 105   1        RS = 1; // data mode
 106   1        RW = 0; // read
 107   1        EN = 1;
 108   1        msDelay(1);
 109   1        EN = 0;
 110   1        return;
 111   1          
 112   1      }
 113          
 114          void LCD_FLASH(unsigned char i)
 115          {
 116   1        unsigned char count;
C51 COMPILER V9.60.7.0   MAIN                                                              03/22/2023 23:16:44 PAGE 3   

 117   1        for(count = 0 ; count < i ; count++)
 118   1        {
 119   2          LCD_CMD(0x0A);
 120   2          /* Display off, cursor on */
 121   2          msDelay(200);
 122   2          LCD_CMD(0x0E);
 123   2          /* Display on, cursor blinking */
 124   2          msDelay(200);
 125   2        }
 126   1      }
 127          
 128          void LCD_LINE_ONE(unsigned char pos)
 129          {
 130   1        LCD_CMD(0x80 + pos);  // Set cursor Position in Line No.1
 131   1      }
 132          
 133          void LCD_LINE_TWO(unsigned char pos)
 134          {
 135   1        LCD_CMD(0xC0 + pos);  // Set cursor Position in Line No.2
 136   1      }
 137          
 138          void msDelay(unsigned int time)
 139          {
 140   1        unsigned int y, z;
 141   1        for(y = 0 ; y < time ; y++)
 142   1        for(z = 0 ; z < 500 ; z++);
 143   1      }
 144          
 145          
 146          /* 
 147          For more details about LCD Display Module :
 148            https://circuitdigest.com/article/16x2-lcd-display-module-pinout-datasheet
 149            https://www.electronicsforu.com/technology-trends/learn-electronics/16x2-lcd-pinout-diagram
 150          */


MODULE INFORMATION:   STATIC OVERLAYABLE
   CODE SIZE        =    302    ----
   CONSTANT SIZE    =     33    ----
   XDATA SIZE       =   ----    ----
   PDATA SIZE       =   ----    ----
   DATA SIZE        =   ----       9
   IDATA SIZE       =   ----    ----
   BIT SIZE         =   ----    ----
END OF MODULE INFORMATION.


C51 COMPILATION COMPLETE.  0 WARNING(S),  0 ERROR(S)
